C51 COMPILER V9.54   BEEP                                                                  09/18/2025 21:38:03 PAGE 1   


C51 COMPILER V9.54, COMPILATION OF MODULE BEEP
OBJECT MODULE PLACED IN .\Objects\beep.obj
COMPILER INVOKED BY: D:\App\KeilC51\C51\BIN\C51.EXE App\beep\beep.c OPTIMIZE(8,SPEED) BROWSE INCDIR(.\App\AT24C02;.\App\
                    -I2C;.\Public;.\App\smg;.\App\stepmotor;.\App\beep;.\App\eeprom;.\App\interrupt;.\App\mainline;.\App\pamanage;.\App\scank
                    -ey) DEBUG OBJECTEXTEND PRINT(.\Listings\beep.lst) TABS(2) OBJECT(.\Objects\beep.obj)

line level    source

   1          #include "beep.h"
   2          
   3          void Beep(u16 hz, u16 fre)
   4          {
   5   1        u8 t = 0;
   6   1        u16 time;
   7   1        for(t = 0;t < 2;t++)
   8   1        {
   9   2          time = hz;
  10   2        while (time--)
  11   2        {
  12   3          BEEP = !BEEP;
  13   3          delay_10us(fre);
  14   3        }
  15   2        delay_ms(200);
  16   2      }
  17   1      }


MODULE INFORMATION:   STATIC OVERLAYABLE
   CODE SIZE        =     60    ----
   CONSTANT SIZE    =   ----    ----
   XDATA SIZE       =   ----    ----
   PDATA SIZE       =   ----    ----
   DATA SIZE        =   ----       7
   IDATA SIZE       =   ----    ----
   BIT SIZE         =   ----    ----
END OF MODULE INFORMATION.


C51 COMPILATION COMPLETE.  0 WARNING(S),  0 ERROR(S)
