C51 COMPILER V9.54   KEY                                                                   06/27/2025 10:15:28 PAGE 1   


C51 COMPILER V9.54, COMPILATION OF MODULE KEY
OBJECT MODULE PLACED IN .\Objects\key.obj
COMPILER INVOKED BY: D:\App\KeilC51\C51\BIN\C51.EXE App\key\key.c OPTIMIZE(8,SPEED) BROWSE INCDIR(.\App\AT24C02;.\App\I2
                    -C;.\Public;.\App\smg;.\App\key;.\App\keyboard) DEBUG OBJECTEXTEND PRINT(.\Listings\key.lst) TABS(2) OBJECT(.\Objects\key
                    -.obj)

line level    source

   1          #include "key.h"
   2          
   3          
   4          u8 key_scan(u8 mode)
   5          {
   6   1        static u8 key=1;
   7   1      
   8   1        if(mode)key=1;
   9   1        if(key==1&&(KEY1==0||KEY2==0||KEY3==0||KEY4==0))
  10   1        {
  11   2          delay_10us(1000);
  12   2          key=0;
  13   2          if(KEY1==0)
  14   2            return KEY1_PRESS;
  15   2          else if(KEY2==0)
  16   2            return KEY2_PRESS;
  17   2          else if(KEY3==0)
  18   2            return KEY3_PRESS;
  19   2          else if(KEY4==0)
  20   2            return KEY4_PRESS;  
  21   2        }
  22   1        else if(KEY1==1&&KEY2==1&&KEY3==1&&KEY4==1)
  23   1        {
  24   2          key=1;      
  25   2        }
  26   1        return KEY_UNPRESS;   
  27   1      }


MODULE INFORMATION:   STATIC OVERLAYABLE
   CODE SIZE        =     76    ----
   CONSTANT SIZE    =   ----    ----
   XDATA SIZE       =   ----    ----
   PDATA SIZE       =   ----    ----
   DATA SIZE        =      1    ----
   IDATA SIZE       =   ----    ----
   BIT SIZE         =   ----    ----
END OF MODULE INFORMATION.


C51 COMPILATION COMPLETE.  0 WARNING(S),  0 ERROR(S)
