C51 COMPILER V9.54   MAIN                                                                  09/17/2025 21:08:00 PAGE 1   


C51 COMPILER V9.54, COMPILATION OF MODULE MAIN
OBJECT MODULE PLACED IN .\Objects\main.obj
COMPILER INVOKED BY: D:\App\KeilC51\C51\BIN\C51.EXE User\main.c OPTIMIZE(8,SPEED) BROWSE INCDIR(.\App\AT24C02;.\App\I2C;
                    -.\Public;.\App\smg;.\App\stepmotor;.\App\beep;.\App\eeprom;.\App\interrupt;.\App\mainline;.\App\pamanage;.\App\scankey) 
                    -DEBUG OBJECTEXTEND PRINT(.\Listings\main.lst) TABS(2) OBJECT(.\Objects\main.obj)

line level    source

   1          #include "mainline.h"
   2          #include "eeprom.h"
   3          #include "interrupt.h"
   4          
   5          void main()
   6          {
   7   1        ired_init();
   8   1        PARead();
   9   1        initEx0();
  10   1        while (1)
  11   1        {
  12   2          ShowNum();
  13   2        }
  14   1      }


MODULE INFORMATION:   STATIC OVERLAYABLE
   CODE SIZE        =     14    ----
   CONSTANT SIZE    =   ----    ----
   XDATA SIZE       =   ----    ----
   PDATA SIZE       =   ----    ----
   DATA SIZE        =   ----    ----
   IDATA SIZE       =   ----    ----
   BIT SIZE         =   ----    ----
END OF MODULE INFORMATION.


C51 COMPILATION COMPLETE.  0 WARNING(S),  0 ERROR(S)
