BL51 BANKED LINKER/LOCATER V6.22                                                        09/19/2025  10:25:27  PAGE 1


BL51 BANKED LINKER/LOCATER V6.22, INVOKED BY:
D:\APP\KEILC51\C51\BIN\BL51.EXE .\Objects\main.obj, .\Objects\smg.obj, .\Objects\stepmotor.obj, .\Objects\24c02.obj, .\O
>> bjects\iic.obj, .\Objects\scankey.obj, .\Objects\pamanage.obj, .\Objects\mainline.obj, .\Objects\interrupt.obj, .\Obj
>> ects\beep.obj, .\Objects\eeprom.obj, .\Objects\public.obj TO .\Objects\MAIN PRINT (.\Listings\MAIN.m51)


MEMORY MODEL: SMALL


INPUT MODULES INCLUDED:
  .\Objects\main.obj (MAIN)
  .\Objects\smg.obj (SMG)
  .\Objects\stepmotor.obj (STEPMOTOR)
  .\Objects\24c02.obj (24C02)
  .\Objects\iic.obj (IIC)
  .\Objects\scankey.obj (SCANKEY)
  .\Objects\pamanage.obj (PAMANAGE)
  .\Objects\mainline.obj (MAINLINE)
  .\Objects\interrupt.obj (INTERRUPT)
  .\Objects\beep.obj (BEEP)
  .\Objects\eeprom.obj (EEPROM)
  .\Objects\public.obj (PUBLIC)
  D:\APP\KEILC51\C51\LIB\C51S.LIB (?C_STARTUP)
  D:\APP\KEILC51\C51\LIB\C51S.LIB (?C?CLDOPTR)
  D:\APP\KEILC51\C51\LIB\C51S.LIB (?C?CCASE)
  D:\APP\KEILC51\C51\LIB\C51S.LIB (?C_INIT)


LINK MAP OF MODULE:  .\Objects\MAIN (MAIN)


            TYPE    BASE      LENGTH    RELOCATION   SEGMENT NAME
            -----------------------------------------------------

            * * * * * * *   D A T A   M E M O R Y   * * * * * * *
            REG     0000H     0008H     ABSOLUTE     "REG BANK 0"
            DATA    0008H     0020H     UNIT         ?DT?PAMANAGE
            DATA    0028H     001FH     UNIT         ?DT?MAINLINE
            DATA    0047H     0011H     UNIT         ?DT?SMG
            DATA    0058H     000DH     UNIT         _DATA_GROUP_
            DATA    0065H     000BH     UNIT         ?DT?INTERRUPT
            DATA    0070H     0003H     UNIT         ?DT?SCANKEY
            DATA    0073H     0001H     UNIT         ?DT?STEPMOTOR
            DATA    0074H     0001H     UNIT         ?DT?PUBLIC
            IDATA   0075H     0001H     UNIT         ?STACK

            * * * * * * *   C O D E   M E M O R Y   * * * * * * *
            CODE    0000H     0003H     ABSOLUTE     
            CODE    0003H     0003H     ABSOLUTE     
                    0006H     0005H                  *** GAP ***
            CODE    000BH     0003H     ABSOLUTE     
            CODE    000EH     0015H     UNIT         ?PR?BACK?MAINLINE
            CODE    0023H     0003H     ABSOLUTE     
            CODE    0026H     0135H     UNIT         ?PR?IRED?INTERRUPT
            CODE    015BH     0134H     UNIT         ?PR?UPDATA?MAINLINE
            CODE    028FH     00F1H     UNIT         ?PR?PASSWORDCHANGE?PAMANAGE
            CODE    0380H     00EEH     UNIT         ?PR?ADMINCHANGE?PAMANAGE
            CODE    046EH     009CH     UNIT         ?PR?GETKEYNUM?SCANKEY
BL51 BANKED LINKER/LOCATER V6.22                                                      09/19/2025  10:25:27  PAGE 2


            CODE    050AH     0096H     UNIT         ?PR?GETIR?SCANKEY
            CODE    05A0H     0092H     UNIT         ?PR?_SMG_DISPLAY?SMG
            CODE    0632H     008CH     UNIT         ?C_C51STARTUP
            CODE    06BEH     0085H     UNIT         ?PR?ERRORACTION?MAINLINE
            CODE    0743H     0080H     UNIT         ?C_INITSEG
            CODE    07C3H     0074H     UNIT         ?PR?PASSACTION?MAINLINE
            CODE    0837H     006BH     UNIT         ?PR?_STEP_MOTOR_28BYJ48_SEND_PULSE?STEPMOTOR
            CODE    08A2H     0053H     UNIT         ?C?LIB_CODE
            CODE    08F5H     0041H     UNIT         ?PR?_IIC_WRITE_BYTE?IIC
            CODE    0936H     003EH     UNIT         ?PR?_IIC_READ_BYTE?IIC
            CODE    0974H     003CH     UNIT         ?PR?_BEEP?BEEP
            CODE    09B0H     0033H     UNIT         ?PR?PAREAD?EEPROM
            CODE    09E3H     0030H     UNIT         ?PR?_AT24C02_READ_ONE_BYTE?24C02
            CODE    0A13H     0029H     UNIT         ?PR?_AT24C02_WRITE_ONE_BYTE?24C02
            CODE    0A3CH     0029H     UNIT         ?PR?TIMERACTION?INTERRUPT
            CODE    0A65H     0024H     UNIT         ?PR?IIC_START?IIC
            CODE    0A89H     0024H     UNIT         ?PR?JUDGE?PAMANAGE
            CODE    0AADH     0022H     UNIT         ?PR?IIC_WAIT_ACK?IIC
            CODE    0ACFH     001FH     UNIT         ?PR?INIT?MAINLINE
            CODE    0AEEH     001EH     UNIT         ?PR?_DELAY_MS?PUBLIC
            CODE    0B0CH     001CH     UNIT         ?PR?PAWRITE?EEPROM
            CODE    0B28H     001BH     UNIT         ?PR?IIC_STOP?IIC
            CODE    0B43H     001BH     UNIT         ?PR?JUDGEADMIN?PAMANAGE
            CODE    0B5EH     001BH     UNIT         ?PR?ADPAWRITE?EEPROM
            CODE    0B79H     0017H     UNIT         ?PR?IIC_ACK?IIC
            CODE    0B90H     0017H     UNIT         ?PR?IIC_NACK?IIC
            CODE    0BA7H     0016H     UNIT         ?PR?INITEX0?INTERRUPT
            CODE    0BBDH     0013H     UNIT         ?PR?PASSWORDINIT?PAMANAGE
            CODE    0BD0H     0013H     UNIT         ?PR?ADCHANGE?PAMANAGE
            CODE    0BE3H     0013H     UNIT         ?PR?PACHANGE?PAMANAGE
            CODE    0BF6H     0013H     UNIT         ?PR?TIMERINIT?INTERRUPT
            CODE    0C09H     000EH     UNIT         ?PR?MAIN?MAIN
            CODE    0C17H     000EH     UNIT         ?PR?SHOWNUM?MAINLINE
            CODE    0C25H     000BH     UNIT         ?PR?_DELAY_10US?PUBLIC
            CODE    0C30H     0009H     UNIT         ?PR?IRED_INIT?INTERRUPT
            CODE    0C39H     0006H     UNIT         ?PR?DATAACTION?INTERRUPT



OVERLAY MAP OF MODULE:   .\Objects\MAIN (MAIN)


SEGMENT                                            DATA_GROUP 
  +--> CALLED SEGMENT                            START    LENGTH
----------------------------------------------------------------
?PR?IRED?INTERRUPT                               0058H    0005H
  +--> ?PR?_DELAY_10US?PUBLIC

*** NEW ROOT ***************************************************

?C_C51STARTUP                                    -----    -----
  +--> ?PR?MAIN?MAIN
  +--> ?C_INITSEG

?PR?MAIN?MAIN                                    -----    -----
  +--> ?PR?IRED_INIT?INTERRUPT
  +--> ?PR?PAREAD?EEPROM
BL51 BANKED LINKER/LOCATER V6.22                                                      09/19/2025  10:25:27  PAGE 3


  +--> ?PR?INITEX0?INTERRUPT
  +--> ?PR?SHOWNUM?MAINLINE

?PR?PAREAD?EEPROM                                005DH    0001H
  +--> ?PR?_AT24C02_READ_ONE_BYTE?24C02

?PR?_AT24C02_READ_ONE_BYTE?24C02                 005EH    0002H
  +--> ?PR?IIC_START?IIC
  +--> ?PR?_IIC_WRITE_BYTE?IIC
  +--> ?PR?IIC_WAIT_ACK?IIC
  +--> ?PR?_IIC_READ_BYTE?IIC
  +--> ?PR?IIC_STOP?IIC

?PR?IIC_START?IIC                                -----    -----
  +--> ?PR?_DELAY_10US?PUBLIC

?PR?_IIC_WRITE_BYTE?IIC                          0061H    0002H
  +--> ?PR?_DELAY_10US?PUBLIC

?PR?IIC_WAIT_ACK?IIC                             0061H    0001H
  +--> ?PR?_DELAY_10US?PUBLIC
  +--> ?PR?IIC_STOP?IIC

?PR?IIC_STOP?IIC                                 -----    -----
  +--> ?PR?_DELAY_10US?PUBLIC

?PR?_IIC_READ_BYTE?IIC                           0060H    0003H
  +--> ?PR?_DELAY_10US?PUBLIC
  +--> ?PR?IIC_NACK?IIC
  +--> ?PR?IIC_ACK?IIC

?PR?IIC_NACK?IIC                                 -----    -----
  +--> ?PR?_DELAY_10US?PUBLIC

?PR?IIC_ACK?IIC                                  -----    -----
  +--> ?PR?_DELAY_10US?PUBLIC

?PR?SHOWNUM?MAINLINE                             -----    -----
  +--> ?PR?UPDATA?MAINLINE
  +--> ?PR?_SMG_DISPLAY?SMG

?PR?UPDATA?MAINLINE                              005DH    0001H
  +--> ?PR?GETKEYNUM?SCANKEY
  +--> ?PR?GETIR?SCANKEY
  +--> ?PR?JUDGE?PAMANAGE
  +--> ?PR?PASSACTION?MAINLINE
  +--> ?PR?_BEEP?BEEP
  +--> ?PR?INIT?MAINLINE
  +--> ?PR?ERRORACTION?MAINLINE
  +--> ?PR?BACK?MAINLINE
  +--> ?PR?PASSWORDCHANGE?PAMANAGE
  +--> ?PR?ADMINCHANGE?PAMANAGE

?PR?GETKEYNUM?SCANKEY                            005EH    0001H
  +--> ?PR?_DELAY_MS?PUBLIC

?PR?PASSACTION?MAINLINE                          -----    -----
BL51 BANKED LINKER/LOCATER V6.22                                                      09/19/2025  10:25:27  PAGE 4


  +--> ?PR?INIT?MAINLINE
  +--> ?PR?TIMERINIT?INTERRUPT
  +--> ?PR?_STEP_MOTOR_28BYJ48_SEND_PULSE?ST...
  +--> ?PR?_DELAY_MS?PUBLIC

?PR?INIT?MAINLINE                                -----    -----
  +--> ?PR?PASSWORDINIT?PAMANAGE

?PR?_BEEP?BEEP                                   005EH    0007H
  +--> ?PR?_DELAY_10US?PUBLIC
  +--> ?PR?_DELAY_MS?PUBLIC

?PR?ERRORACTION?MAINLINE                         -----    -----
  +--> ?PR?TIMERINIT?INTERRUPT
  +--> ?PR?_SMG_DISPLAY?SMG
  +--> ?PR?GETKEYNUM?SCANKEY
  +--> ?PR?JUDGEADMIN?PAMANAGE
  +--> ?PR?INIT?MAINLINE

?PR?_SMG_DISPLAY?SMG                             005EH    0005H
  +--> ?PR?_DELAY_10US?PUBLIC

?PR?PASSWORDCHANGE?PAMANAGE                      -----    -----
  +--> ?PR?INIT?MAINLINE
  +--> ?PR?GETKEYNUM?SCANKEY
  +--> ?PR?GETIR?SCANKEY
  +--> ?PR?PACHANGE?PAMANAGE
  +--> ?PR?PAWRITE?EEPROM
  +--> ?PR?BACK?MAINLINE
  +--> ?PR?_SMG_DISPLAY?SMG

?PR?PAWRITE?EEPROM                               005EH    0001H
  +--> ?PR?_AT24C02_WRITE_ONE_BYTE?24C02

?PR?_AT24C02_WRITE_ONE_BYTE?24C02                005FH    0002H
  +--> ?PR?IIC_START?IIC
  +--> ?PR?_IIC_WRITE_BYTE?IIC
  +--> ?PR?IIC_WAIT_ACK?IIC
  +--> ?PR?IIC_STOP?IIC
  +--> ?PR?_DELAY_MS?PUBLIC

?PR?ADMINCHANGE?PAMANAGE                         -----    -----
  +--> ?PR?INIT?MAINLINE
  +--> ?PR?GETKEYNUM?SCANKEY
  +--> ?PR?GETIR?SCANKEY
  +--> ?PR?ADCHANGE?PAMANAGE
  +--> ?PR?ADPAWRITE?EEPROM
  +--> ?PR?BACK?MAINLINE
  +--> ?PR?_SMG_DISPLAY?SMG

?PR?ADPAWRITE?EEPROM                             005EH    0001H
  +--> ?PR?_AT24C02_WRITE_ONE_BYTE?24C02



SYMBOL TABLE OF MODULE:  .\Objects\MAIN (MAIN)

BL51 BANKED LINKER/LOCATER V6.22                                                      09/19/2025  10:25:27  PAGE 5


  VALUE           TYPE          NAME
  ----------------------------------

  -------         MODULE        MAIN
  C:0000H         SYMBOL        _ICE_DUMMY_
  D:00B0H         PUBLIC        P3
  C:0C09H         PUBLIC        main
  -------         PROC          MAIN
  C:0C09H         LINE#         5
  C:0C09H         LINE#         6
  C:0C09H         LINE#         7
  C:0C0CH         LINE#         8
  C:0C0FH         LINE#         9
  C:0C12H         LINE#         10
  C:0C12H         LINE#         11
  C:0C12H         LINE#         12
  C:0C15H         LINE#         13
  -------         ENDPROC       MAIN
  -------         ENDMOD        MAIN

  -------         MODULE        SMG
  C:0000H         SYMBOL        _ICE_DUMMY_
  D:0080H         PUBLIC        P0
  D:00A0H         PUBLIC        P2
  C:05A0H         PUBLIC        _smg_display
  D:0047H         PUBLIC        gsmg_code
  B:00A0H.2       PUBLIC        LSA
  B:00A0H.3       PUBLIC        LSB
  B:00A0H.4       PUBLIC        LSC
  -------         PROC          _SMG_DISPLAY
  D:005EH         SYMBOL        dat
  D:0005H         SYMBOL        pos
  -------         DO            
  D:0061H         SYMBOL        i
  D:0062H         SYMBOL        pos_temp
  -------         ENDDO         
  C:05A0H         LINE#         6
  C:05A6H         LINE#         7
  C:05A6H         LINE#         8
  C:05A9H         LINE#         9
  C:05ADH         LINE#         11
  C:05B6H         LINE#         12
  C:05B6H         LINE#         13
  C:05DCH         LINE#         14
  C:05DCH         LINE#         15
  C:05E0H         LINE#         16
  C:05E4H         LINE#         17
  C:05E8H         LINE#         18
  C:05ECH         LINE#         19
  C:05F4H         LINE#         20
  C:05FCH         LINE#         21
  C:0604H         LINE#         22
  C:060AH         LINE#         23
  C:060AH         LINE#         24
  C:0622H         LINE#         25
  C:0629H         LINE#         26
  C:062CH         LINE#         27
BL51 BANKED LINKER/LOCATER V6.22                                                      09/19/2025  10:25:27  PAGE 6


  C:0631H         LINE#         28
  -------         ENDPROC       _SMG_DISPLAY
  -------         ENDMOD        SMG

  -------         MODULE        STEPMOTOR
  C:0000H         SYMBOL        _ICE_DUMMY_
  D:0090H         PUBLIC        P1
  C:0837H         PUBLIC        _step_motor_28BYJ48_send_pulse
  D:0073H         PUBLIC        Motor
  B:0090H.0       PUBLIC        IN1_A
  B:0090H.1       PUBLIC        IN2_B
  B:0090H.2       PUBLIC        IN3_C
  B:0090H.3       PUBLIC        IN4_D
  -------         PROC          _STEP_MOTOR_28BYJ48_SEND_PULSE
  D:0007H         SYMBOL        step
  D:0005H         SYMBOL        dir
  -------         DO            
  D:0006H         SYMBOL        temp
  -------         ENDDO         
  C:0837H         LINE#         11
  C:0837H         LINE#         12
  C:0837H         LINE#         13
  C:0839H         LINE#         15
  C:083CH         LINE#         16
  C:0841H         LINE#         17
  C:0866H         LINE#         18
  C:0866H         LINE#         19
  C:086AH         LINE#         20
  C:086EH         LINE#         21
  C:0874H         LINE#         22
  C:087AH         LINE#         23
  C:0883H         LINE#         24
  C:088CH         LINE#         25
  C:0890H         LINE#         26
  C:0899H         LINE#         27
  C:08A1H         LINE#         28
  C:08A1H         LINE#         29
  -------         ENDPROC       _STEP_MOTOR_28BYJ48_SEND_PULSE
  -------         ENDMOD        STEPMOTOR

  -------         MODULE        24C02
  C:0000H         SYMBOL        _ICE_DUMMY_
  D:00A0H         PUBLIC        P2
  C:09E3H         PUBLIC        _at24c02_read_one_byte
  C:0A13H         PUBLIC        _at24c02_write_one_byte
  -------         PROC          _AT24C02_WRITE_ONE_BYTE
  D:005FH         SYMBOL        addr
  D:0060H         SYMBOL        dat
  C:0A13H         LINE#         12
  C:0A17H         LINE#         13
  C:0A17H         LINE#         14
  C:0A1AH         LINE#         15
  C:0A1FH         LINE#         16
  C:0A22H         LINE#         17
  C:0A27H         LINE#         18
  C:0A2AH         LINE#         19
  C:0A2FH         LINE#         20
BL51 BANKED LINKER/LOCATER V6.22                                                      09/19/2025  10:25:27  PAGE 7


  C:0A32H         LINE#         21
  C:0A35H         LINE#         22
  -------         ENDPROC       _AT24C02_WRITE_ONE_BYTE
  -------         PROC          _AT24C02_READ_ONE_BYTE
  D:005EH         SYMBOL        addr
  -------         DO            
  D:005FH         SYMBOL        temp
  -------         ENDDO         
  C:09E3H         LINE#         31
  C:09E5H         LINE#         32
  C:09E5H         LINE#         33
  C:09E8H         LINE#         34
  C:09EBH         LINE#         35
  C:09F0H         LINE#         36
  C:09F3H         LINE#         37
  C:09F8H         LINE#         38
  C:09FBH         LINE#         39
  C:09FEH         LINE#         40
  C:0A03H         LINE#         41
  C:0A06H         LINE#         42
  C:0A0DH         LINE#         43
  C:0A10H         LINE#         44
  C:0A12H         LINE#         45
  -------         ENDPROC       _AT24C02_READ_ONE_BYTE
  -------         ENDMOD        24C02

  -------         MODULE        IIC
  C:0000H         SYMBOL        _ICE_DUMMY_
  D:00A0H         PUBLIC        P2
  B:00A0H.0       PUBLIC        IIC_SDA
  B:00A0H.1       PUBLIC        IIC_SCL
  C:0B90H         PUBLIC        iic_nack
  C:0B79H         PUBLIC        iic_ack
  C:0A65H         PUBLIC        iic_start
  C:0936H         PUBLIC        _iic_read_byte
  C:08F5H         PUBLIC        _iic_write_byte
  C:0AADH         PUBLIC        iic_wait_ack
  C:0B28H         PUBLIC        iic_stop
  -------         PROC          IIC_START
  C:0A65H         LINE#         10
  C:0A65H         LINE#         11
  C:0A65H         LINE#         12
  C:0A67H         LINE#         13
  C:0A6EH         LINE#         14
  C:0A70H         LINE#         15
  C:0A77H         LINE#         16
  C:0A79H         LINE#         17
  C:0A80H         LINE#         18
  C:0A82H         LINE#         19
  -------         ENDPROC       IIC_START
  -------         PROC          IIC_STOP
  C:0B28H         LINE#         28
  C:0B28H         LINE#         29
  C:0B28H         LINE#         30
  C:0B2AH         LINE#         31
  C:0B31H         LINE#         32
  C:0B33H         LINE#         33
BL51 BANKED LINKER/LOCATER V6.22                                                      09/19/2025  10:25:27  PAGE 8


  C:0B3AH         LINE#         34
  C:0B3CH         LINE#         35
  -------         ENDPROC       IIC_STOP
  -------         PROC          IIC_ACK
  C:0B79H         LINE#         44
  C:0B79H         LINE#         45
  C:0B79H         LINE#         46
  C:0B7BH         LINE#         47
  C:0B7DH         LINE#         48
  C:0B84H         LINE#         49
  C:0B86H         LINE#         50
  C:0B8DH         LINE#         51
  C:0B8FH         LINE#         52
  -------         ENDPROC       IIC_ACK
  -------         PROC          IIC_NACK
  C:0B90H         LINE#         60
  C:0B90H         LINE#         61
  C:0B90H         LINE#         62
  C:0B92H         LINE#         63
  C:0B94H         LINE#         64
  C:0B9BH         LINE#         65
  C:0B9DH         LINE#         66
  C:0BA4H         LINE#         67
  C:0BA6H         LINE#         68
  -------         ENDPROC       IIC_NACK
  -------         PROC          IIC_WAIT_ACK
  -------         DO            
  D:0061H         SYMBOL        time_temp
  -------         ENDDO         
  C:0AADH         LINE#         77
  C:0AADH         LINE#         78
  C:0AADH         LINE#         79
  C:0AB0H         LINE#         81
  C:0AB2H         LINE#         82
  C:0AB8H         LINE#         83
  C:0ABBH         LINE#         84
  C:0ABBH         LINE#         85
  C:0ABDH         LINE#         86
  C:0AC4H         LINE#         87
  C:0AC4H         LINE#         88
  C:0AC7H         LINE#         89
  C:0ACAH         LINE#         90
  C:0ACAH         LINE#         91
  C:0ACAH         LINE#         92
  C:0ACCH         LINE#         93
  C:0ACEH         LINE#         94
  -------         ENDPROC       IIC_WAIT_ACK
  -------         PROC          _IIC_WRITE_BYTE
  D:0061H         SYMBOL        dat
  -------         DO            
  D:0062H         SYMBOL        i
  -------         ENDDO         
  C:08F5H         LINE#         102
  C:08F7H         LINE#         103
  C:08F7H         LINE#         104
  C:08FAH         LINE#         106
  C:08FCH         LINE#         107
BL51 BANKED LINKER/LOCATER V6.22                                                      09/19/2025  10:25:27  PAGE 9


  C:08FEH         LINE#         108
  C:08FEH         LINE#         109
  C:0907H         LINE#         110
  C:090BH         LINE#         112
  C:090DH         LINE#         113
  C:0913H         LINE#         114
  C:091AH         LINE#         115
  C:091CH         LINE#         116
  C:0923H         LINE#         117
  C:0925H         LINE#         118
  C:092CH         LINE#         119
  C:0935H         LINE#         120
  -------         ENDPROC       _IIC_WRITE_BYTE
  -------         PROC          _IIC_READ_BYTE
  D:0060H         SYMBOL        ack
  -------         DO            
  D:0061H         SYMBOL        i
  D:0062H         SYMBOL        receive
  -------         ENDDO         
  C:0936H         LINE#         128
  C:0938H         LINE#         129
  C:0938H         LINE#         130
  C:093DH         LINE#         132
  C:093FH         LINE#         133
  C:093FH         LINE#         134
  C:0941H         LINE#         135
  C:0948H         LINE#         136
  C:094AH         LINE#         137
  C:0950H         LINE#         138
  C:0955H         LINE#         139
  C:095CH         LINE#         140
  C:0965H         LINE#         141
  C:0969H         LINE#         142
  C:096EH         LINE#         144
  C:0971H         LINE#         146
  C:0973H         LINE#         147
  -------         ENDPROC       _IIC_READ_BYTE
  -------         ENDMOD        IIC

  -------         MODULE        SCANKEY
  C:0000H         SYMBOL        _ICE_DUMMY_
  B:00B0H.3       PUBLIC        K4
  D:0090H         PUBLIC        P1
  D:00B0H         PUBLIC        P3
  D:0070H         PUBLIC        KEY1
  D:0071H         PUBLIC        KEY2
  C:046EH         PUBLIC        getKeyNum
  D:0072H         PUBLIC        KEY
  B:00B0H.0       PUBLIC        K1
  B:00B0H.1       PUBLIC        K2
  C:050AH         PUBLIC        getIr
  B:00B0H.2       PUBLIC        K3
  -------         PROC          GETKEYNUM
  -------         DO            
  D:005EH         SYMBOL        key
  -------         ENDDO         
  C:046EH         LINE#         8
BL51 BANKED LINKER/LOCATER V6.22                                                      09/19/2025  10:25:27  PAGE 10


  C:046EH         LINE#         9
  C:046EH         LINE#         10
  C:0471H         LINE#         11
  C:0474H         LINE#         12
  C:0480H         LINE#         13
  C:0480H         LINE#         14
  C:0487H         LINE#         15
  C:048AH         LINE#         16
  C:048DH         LINE#         17
  C:0490H         LINE#         18
  C:0493H         LINE#         19
  C:0496H         LINE#         20
  C:0499H         LINE#         21
  C:049CH         LINE#         22
  C:049FH         LINE#         23
  C:049FH         LINE#         24
  C:04A5H         LINE#         25
  C:04A5H         LINE#         26
  C:04ACH         LINE#         27
  C:04B2H         LINE#         28
  C:04B2H         LINE#         29
  C:04B7H         LINE#         30
  C:04B7H         LINE#         31
  C:04BAH         LINE#         32
  C:04BCH         LINE#         33
  C:04C1H         LINE#         34
  C:04C1H         LINE#         35
  C:04C4H         LINE#         36
  C:04C6H         LINE#         37
  C:04CBH         LINE#         38
  C:04CBH         LINE#         39
  C:04CEH         LINE#         40
  C:04D0H         LINE#         41
  C:04D5H         LINE#         42
  C:04D5H         LINE#         43
  C:04D8H         LINE#         44
  C:04D8H         LINE#         45
  C:04DBH         LINE#         46
  C:04E0H         LINE#         47
  C:04E0H         LINE#         48
  C:04E3H         LINE#         49
  C:04E5H         LINE#         50
  C:04EAH         LINE#         51
  C:04EAH         LINE#         52
  C:04ECH         LINE#         53
  C:04EEH         LINE#         54
  C:04F3H         LINE#         55
  C:04F3H         LINE#         56
  C:04F5H         LINE#         57
  C:04F7H         LINE#         58
  C:04FCH         LINE#         59
  C:04FCH         LINE#         60
  C:0502H         LINE#         61
  C:0502H         LINE#         62
  C:0507H         LINE#         63
  C:0507H         LINE#         64
  C:0507H         LINE#         65
BL51 BANKED LINKER/LOCATER V6.22                                                      09/19/2025  10:25:27  PAGE 11


  C:0509H         LINE#         66
  -------         ENDPROC       GETKEYNUM
  -------         PROC          GETIR
  C:050AH         LINE#         68
  C:050AH         LINE#         69
  C:050AH         LINE#         70
  C:0511H         LINE#         71
  C:0511H         LINE#         72
  C:054AH         LINE#         73
  C:054AH         LINE#         74
  C:054AH         LINE#         75
  C:054DH         LINE#         76
  C:054DH         LINE#         77
  C:054FH         LINE#         78
  C:054FH         LINE#         79
  C:0552H         LINE#         80
  C:0552H         LINE#         81
  C:0554H         LINE#         82
  C:0554H         LINE#         83
  C:0557H         LINE#         84
  C:0557H         LINE#         85
  C:0559H         LINE#         86
  C:0559H         LINE#         87
  C:055CH         LINE#         88
  C:055CH         LINE#         89
  C:055EH         LINE#         90
  C:055EH         LINE#         91
  C:0561H         LINE#         92
  C:0561H         LINE#         93
  C:0563H         LINE#         94
  C:0563H         LINE#         95
  C:0566H         LINE#         96
  C:0566H         LINE#         97
  C:0568H         LINE#         98
  C:0568H         LINE#         99
  C:056BH         LINE#         100
  C:056BH         LINE#         101
  C:056DH         LINE#         102
  C:056DH         LINE#         103
  C:0570H         LINE#         104
  C:0570H         LINE#         105
  C:0572H         LINE#         106
  C:0572H         LINE#         107
  C:0575H         LINE#         108
  C:0575H         LINE#         109
  C:0577H         LINE#         110
  C:0577H         LINE#         111
  C:057AH         LINE#         112
  C:057AH         LINE#         113
  C:057CH         LINE#         115
  C:057CH         LINE#         116
  C:057FH         LINE#         117
  C:057FH         LINE#         118
  C:0581H         LINE#         119
  C:0581H         LINE#         120
  C:0584H         LINE#         121
  C:0584H         LINE#         122
BL51 BANKED LINKER/LOCATER V6.22                                                      09/19/2025  10:25:27  PAGE 12


  C:0586H         LINE#         123
  C:0586H         LINE#         124
  C:0589H         LINE#         125
  C:0589H         LINE#         126
  C:058BH         LINE#         127
  C:058BH         LINE#         128
  C:058EH         LINE#         129
  C:058EH         LINE#         130
  C:0590H         LINE#         131
  C:0590H         LINE#         132
  C:0593H         LINE#         133
  C:0593H         LINE#         134
  C:0595H         LINE#         135
  C:0595H         LINE#         136
  C:0598H         LINE#         137
  C:059BH         LINE#         138
  C:059CH         LINE#         140
  C:059CH         LINE#         141
  C:059CH         LINE#         143
  C:059CH         LINE#         144
  C:059FH         LINE#         145
  C:059FH         LINE#         146
  -------         ENDPROC       GETIR
  -------         ENDMOD        SCANKEY

  -------         MODULE        PAMANAGE
  C:0000H         SYMBOL        _ICE_DUMMY_
  D:00A0H         PUBLIC        P2
  D:00B0H         PUBLIC        P3
  D:0008H         PUBLIC        INPASSWORD
  D:0010H         PUBLIC        CHANGEPASSWORD
  C:028FH         PUBLIC        PasswordChange
  C:0BD0H         PUBLIC        ADCHANGE
  C:0380H         PUBLIC        AdminChange
  C:0BE3H         PUBLIC        PACHANGE
  D:0018H         PUBLIC        ALLPASSWORD
  C:0B43H         PUBLIC        JudgeAdmin
  C:0BBDH         PUBLIC        PasswordInit
  C:0A89H         PUBLIC        Judge
  D:0020H         PUBLIC        PASSWORD
  -------         PROC          PASSWORDINIT
  -------         DO            
  D:0007H         SYMBOL        i
  -------         ENDDO         
  C:0BBDH         LINE#         12
  C:0BBDH         LINE#         13
  C:0BBDH         LINE#         14
  C:0BBFH         LINE#         15
  C:0BBFH         LINE#         16
  C:0BBFH         LINE#         17
  C:0BC5H         LINE#         18
  C:0BCBH         LINE#         19
  C:0BCFH         LINE#         20
  -------         ENDPROC       PASSWORDINIT
  -------         PROC          JUDGEADMIN
  -------         DO            
  D:0007H         SYMBOL        i
BL51 BANKED LINKER/LOCATER V6.22                                                      09/19/2025  10:25:27  PAGE 13


  D:0006H         SYMBOL        flag
  -------         ENDDO         
  C:0B43H         LINE#         22
  C:0B43H         LINE#         23
  C:0B43H         LINE#         24
  C:0B45H         LINE#         25
  C:0B47H         LINE#         26
  C:0B47H         LINE#         27
  C:0B47H         LINE#         28
  C:0B55H         LINE#         29
  C:0B55H         LINE#         30
  C:0B57H         LINE#         31
  C:0B57H         LINE#         32
  C:0B5BH         LINE#         33
  C:0B5DH         LINE#         34
  -------         ENDPROC       JUDGEADMIN
  -------         PROC          JUDGE
  -------         DO            
  D:0007H         SYMBOL        i
  D:0006H         SYMBOL        flag
  -------         ENDDO         
  C:0A89H         LINE#         36
  C:0A89H         LINE#         37
  C:0A89H         LINE#         38
  C:0A8BH         LINE#         39
  C:0A8DH         LINE#         40
  C:0A8DH         LINE#         41
  C:0A8DH         LINE#         42
  C:0AA4H         LINE#         43
  C:0AA4H         LINE#         44
  C:0AA6H         LINE#         45
  C:0AA6H         LINE#         46
  C:0AAAH         LINE#         47
  C:0AACH         LINE#         48
  -------         ENDPROC       JUDGE
  -------         PROC          ADCHANGE
  -------         DO            
  D:0007H         SYMBOL        i
  -------         ENDDO         
  C:0BD0H         LINE#         50
  C:0BD0H         LINE#         51
  C:0BD0H         LINE#         52
  C:0BD2H         LINE#         53
  C:0BD2H         LINE#         54
  C:0BD2H         LINE#         55
  C:0BDEH         LINE#         56
  C:0BE2H         LINE#         57
  -------         ENDPROC       ADCHANGE
  -------         PROC          ADMINCHANGE
  C:0380H         LINE#         59
  C:0380H         LINE#         60
  C:0380H         LINE#         61
  C:0383H         LINE#         62
  C:0383H         LINE#         63
  C:0383H         LINE#         64
  C:0388H         LINE#         65
  C:038BH         LINE#         66
BL51 BANKED LINKER/LOCATER V6.22                                                      09/19/2025  10:25:27  PAGE 14


  C:039CH         LINE#         67
  C:039CH         LINE#         68
  C:03A0H         LINE#         70
  C:03A0H         LINE#         71
  C:03B1H         LINE#         72
  C:03B1H         LINE#         73
  C:03B4H         LINE#         74
  C:03B7H         LINE#         75
  C:03BAH         LINE#         76
  C:03BDH         LINE#         78
  C:03BDH         LINE#         79
  C:03CEH         LINE#         80
  C:03CEH         LINE#         81
  C:03D1H         LINE#         82
  C:03D4H         LINE#         83
  C:03D4H         LINE#         84
  C:03E5H         LINE#         85
  C:03E5H         LINE#         86
  C:03E8H         LINE#         87
  C:03EBH         LINE#         88
  C:03EBH         LINE#         89
  C:03FEH         LINE#         90
  C:03FEH         LINE#         91
  C:0404H         LINE#         92
  C:0404H         LINE#         93
  C:0412H         LINE#         94
  C:0419H         LINE#         95
  C:0419H         LINE#         96
  C:041BH         LINE#         97
  C:0421H         LINE#         98
  C:0421H         LINE#         99
  C:042FH         LINE#         100
  C:0436H         LINE#         101
  C:0439H         LINE#         102
  C:043BH         LINE#         104
  C:043BH         LINE#         105
  C:0449H         LINE#         106
  C:0450H         LINE#         107
  C:0453H         LINE#         108
  C:0453H         LINE#         109
  C:0455H         LINE#         110
  C:045AH         LINE#         111
  C:045AH         LINE#         112
  C:045DH         LINE#         113
  C:0460H         LINE#         114
  C:0460H         LINE#         115
  C:0460H         LINE#         116
  C:046BH         LINE#         117
  -------         ENDPROC       ADMINCHANGE
  -------         PROC          PACHANGE
  -------         DO            
  D:0007H         SYMBOL        i
  -------         ENDDO         
  C:0BE3H         LINE#         120
  C:0BE3H         LINE#         121
  C:0BE3H         LINE#         122
  C:0BE5H         LINE#         123
BL51 BANKED LINKER/LOCATER V6.22                                                      09/19/2025  10:25:27  PAGE 15


  C:0BE5H         LINE#         124
  C:0BE5H         LINE#         125
  C:0BF1H         LINE#         126
  C:0BF5H         LINE#         127
  -------         ENDPROC       PACHANGE
  -------         PROC          PASSWORDCHANGE
  C:028FH         LINE#         129
  C:028FH         LINE#         130
  C:028FH         LINE#         131
  C:0292H         LINE#         132
  C:0292H         LINE#         133
  C:0292H         LINE#         134
  C:0297H         LINE#         135
  C:029AH         LINE#         136
  C:02ABH         LINE#         137
  C:02ABH         LINE#         138
  C:02AFH         LINE#         140
  C:02AFH         LINE#         141
  C:02C0H         LINE#         142
  C:02C0H         LINE#         143
  C:02C3H         LINE#         144
  C:02C6H         LINE#         145
  C:02C9H         LINE#         146
  C:02CCH         LINE#         148
  C:02CCH         LINE#         149
  C:02DDH         LINE#         150
  C:02DDH         LINE#         151
  C:02E0H         LINE#         152
  C:02E3H         LINE#         153
  C:02E3H         LINE#         154
  C:02F4H         LINE#         155
  C:02F4H         LINE#         156
  C:02F7H         LINE#         157
  C:02FAH         LINE#         158
  C:02FAH         LINE#         159
  C:030DH         LINE#         160
  C:030DH         LINE#         161
  C:0313H         LINE#         162
  C:0313H         LINE#         163
  C:0321H         LINE#         164
  C:0328H         LINE#         165
  C:032BH         LINE#         166
  C:032DH         LINE#         167
  C:0333H         LINE#         168
  C:0333H         LINE#         169
  C:0341H         LINE#         170
  C:0348H         LINE#         171
  C:034BH         LINE#         172
  C:034DH         LINE#         174
  C:034DH         LINE#         175
  C:035BH         LINE#         176
  C:0362H         LINE#         177
  C:0365H         LINE#         178
  C:0365H         LINE#         179
  C:0367H         LINE#         180
  C:036CH         LINE#         181
  C:036CH         LINE#         182
BL51 BANKED LINKER/LOCATER V6.22                                                      09/19/2025  10:25:27  PAGE 16


  C:036FH         LINE#         183
  C:0372H         LINE#         184
  C:0372H         LINE#         185
  C:0372H         LINE#         186
  C:037DH         LINE#         187
  -------         ENDPROC       PASSWORDCHANGE
  -------         ENDMOD        PAMANAGE

  -------         MODULE        MAINLINE
  C:0000H         SYMBOL        _ICE_DUMMY_
  D:0090H         PUBLIC        P1
  D:00A0H         PUBLIC        P2
  D:00B0H         PUBLIC        P3
  D:0028H         PUBLIC        ERROR
  C:0ACFH         PUBLIC        Init
  D:0029H         PUBLIC        FLAG
  D:002BH         PUBLIC        DATA
  D:0033H         PUBLIC        CountDown
  D:003BH         PUBLIC        TIME
  D:003DH         PUBLIC        PASS
  D:0045H         PUBLIC        step
  C:015BH         PUBLIC        UPDATA
  B:00A8H.1       PUBLIC        ET0
  D:0046H         PUBLIC        K
  C:0C17H         PUBLIC        ShowNum
  B:0088H.4       PUBLIC        TR0
  C:06BEH         PUBLIC        ErrorAction
  C:000EH         PUBLIC        Back
  C:07C3H         PUBLIC        PassAction
  -------         PROC          INIT
  C:0ACFH         LINE#         20
  C:0ACFH         LINE#         21
  C:0ACFH         LINE#         22
  C:0AD2H         LINE#         23
  C:0AD5H         LINE#         24
  C:0AD8H         LINE#         25
  C:0ADBH         LINE#         26
  C:0ADEH         LINE#         27
  C:0AE1H         LINE#         28
  C:0AE4H         LINE#         29
  C:0AE7H         LINE#         30
  C:0AEAH         LINE#         31
  C:0AEDH         LINE#         32
  -------         ENDPROC       INIT
  -------         PROC          ERRORACTION
  C:06BEH         LINE#         34
  C:06BEH         LINE#         35
  C:06BEH         LINE#         36
  C:06C1H         LINE#         37
  C:06C5H         LINE#         38
  C:06C5H         LINE#         39
  C:06CFH         LINE#         40
  C:06DDH         LINE#         41
  C:06E8H         LINE#         42
  C:06EDH         LINE#         43
  C:06F8H         LINE#         44
  C:06F8H         LINE#         45
BL51 BANKED LINKER/LOCATER V6.22                                                      09/19/2025  10:25:27  PAGE 17


  C:0703H         LINE#         46
  C:0703H         LINE#         47
  C:0709H         LINE#         48
  C:0709H         LINE#         49
  C:070CH         LINE#         50
  C:070FH         LINE#         51
  C:070FH         LINE#         52
  C:0711H         LINE#         54
  C:0711H         LINE#         56
  C:0711H         LINE#         57
  C:0714H         LINE#         58
  C:0714H         LINE#         59
  C:0714H         LINE#         60
  C:071BH         LINE#         61
  C:071BH         LINE#         62
  C:0722H         LINE#         63
  C:0724H         LINE#         64
  C:072AH         LINE#         65
  C:072AH         LINE#         66
  C:072CH         LINE#         67
  C:072FH         LINE#         68
  C:072FH         LINE#         69
  C:072FH         LINE#         70
  C:072FH         LINE#         71
  C:0731H         LINE#         72
  C:073AH         LINE#         73
  C:073AH         LINE#         74
  C:073CH         LINE#         75
  C:073FH         LINE#         77
  C:073FH         LINE#         78
  C:0742H         LINE#         79
  -------         ENDPROC       ERRORACTION
  -------         PROC          BACK
  C:000EH         LINE#         81
  C:000EH         LINE#         82
  C:000EH         LINE#         83
  C:0012H         LINE#         84
  C:0012H         LINE#         85
  C:0014H         LINE#         86
  C:001BH         LINE#         87
  C:0022H         LINE#         88
  C:0022H         LINE#         89
  -------         ENDPROC       BACK
  -------         PROC          PASSACTION
  C:07C3H         LINE#         91
  C:07C3H         LINE#         92
  C:07C3H         LINE#         94
  C:07C6H         LINE#         95
  C:07C9H         LINE#         96
  C:07CCH         LINE#         97
  C:07D2H         LINE#         98
  C:07DFH         LINE#         99
  C:07DFH         LINE#         100
  C:07E8H         LINE#         101
  C:07EDH         LINE#         102
  C:07F0H         LINE#         103
  C:07F7H         LINE#         104
BL51 BANKED LINKER/LOCATER V6.22                                                      09/19/2025  10:25:27  PAGE 18


  C:07F9H         LINE#         105
  C:07FFH         LINE#         106
  C:0805H         LINE#         107
  C:0812H         LINE#         108
  C:0812H         LINE#         109
  C:081BH         LINE#         110
  C:0820H         LINE#         111
  C:0823H         LINE#         112
  C:082AH         LINE#         113
  C:082CH         LINE#         114
  C:082FH         LINE#         115
  C:0832H         LINE#         116
  C:0834H         LINE#         117
  C:0836H         LINE#         118
  -------         ENDPROC       PASSACTION
  -------         PROC          UPDATA
  -------         DO            
  D:005DH         SYMBOL        i
  -------         ENDDO         
  C:015BH         LINE#         120
  C:015BH         LINE#         121
  C:015BH         LINE#         122
  C:015EH         LINE#         123
  C:0163H         LINE#         124
  C:0166H         LINE#         125
  C:0176H         LINE#         128
  C:0176H         LINE#         129
  C:0187H         LINE#         130
  C:0187H         LINE#         131
  C:018AH         LINE#         132
  C:0190H         LINE#         133
  C:0190H         LINE#         134
  C:0193H         LINE#         135
  C:0196H         LINE#         136
  C:0199H         LINE#         138
  C:0199H         LINE#         140
  C:0199H         LINE#         141
  C:019BH         LINE#         142
  C:01A6H         LINE#         143
  C:01A9H         LINE#         144
  C:01A9H         LINE#         145
  C:01A9H         LINE#         146
  C:01AEH         LINE#         147
  C:01AEH         LINE#         148
  C:01B1H         LINE#         149
  C:01B4H         LINE#         150
  C:01B7H         LINE#         151
  C:01BAH         LINE#         152
  C:01BAH         LINE#         153
  C:01CBH         LINE#         154
  C:01CBH         LINE#         155
  C:01CEH         LINE#         156
  C:01D1H         LINE#         157
  C:01D1H         LINE#         158
  C:01E2H         LINE#         159
  C:01E2H         LINE#         160
  C:01E5H         LINE#         161
BL51 BANKED LINKER/LOCATER V6.22                                                      09/19/2025  10:25:27  PAGE 19


  C:01E8H         LINE#         162
  C:01E8H         LINE#         163
  C:01F9H         LINE#         164
  C:01F9H         LINE#         165
  C:01FCH         LINE#         166
  C:01FFH         LINE#         167
  C:01FFH         LINE#         168
  C:0210H         LINE#         169
  C:0210H         LINE#         170
  C:0213H         LINE#         171
  C:0216H         LINE#         172
  C:0216H         LINE#         173
  C:0229H         LINE#         174
  C:0229H         LINE#         175
  C:022FH         LINE#         176
  C:022FH         LINE#         177
  C:023DH         LINE#         178
  C:0244H         LINE#         179
  C:0247H         LINE#         180
  C:0249H         LINE#         181
  C:024FH         LINE#         182
  C:024FH         LINE#         183
  C:025DH         LINE#         184
  C:0264H         LINE#         185
  C:0267H         LINE#         186
  C:0269H         LINE#         188
  C:0269H         LINE#         189
  C:0277H         LINE#         190
  C:027EH         LINE#         191
  C:0281H         LINE#         192
  C:0281H         LINE#         193
  C:0283H         LINE#         194
  C:0288H         LINE#         195
  C:0288H         LINE#         196
  C:028BH         LINE#         197
  C:028EH         LINE#         198
  C:028EH         LINE#         199
  C:028EH         LINE#         200
  C:028EH         LINE#         201
  -------         ENDPROC       UPDATA
  -------         PROC          SHOWNUM
  C:0C17H         LINE#         203
  C:0C17H         LINE#         204
  C:0C17H         LINE#         205
  C:0C1AH         LINE#         206
  -------         ENDPROC       SHOWNUM
  -------         ENDMOD        MAINLINE

  -------         MODULE        INTERRUPT
  C:0000H         SYMBOL        _ICE_DUMMY_
  D:0090H         PUBLIC        P1
  D:00B0H         PUBLIC        P3
  B:00A8H.7       PUBLIC        EA
  C:0A3CH         PUBLIC        timerAction
  D:0065H         PUBLIC        gired_data
  B:00A8H.4       PUBLIC        ES
  D:0069H         PUBLIC        isIr
BL51 BANKED LINKER/LOCATER V6.22                                                      09/19/2025  10:25:27  PAGE 20


  B:0098H.0       PUBLIC        RI
  C:0BA7H         PUBLIC        initEx0
  D:006AH         PUBLIC        times
  B:00B0H.2       PUBLIC        IRED
  C:0026H         PUBLIC        ired
  D:0099H         PUBLIC        SBUF
  D:0087H         PUBLIC        PCON
  D:0098H         PUBLIC        SCON
  D:0089H         PUBLIC        TMOD
  C:0BF6H         PUBLIC        timerInit
  D:006BH         PUBLIC        IrValue
  C:0C30H         PUBLIC        ired_init
  B:00A8H.1       PUBLIC        ET0
  D:008CH         PUBLIC        TH0
  B:00A8H.0       PUBLIC        EX0
  B:0088H.0       PUBLIC        IT0
  D:008DH         PUBLIC        TH1
  D:008AH         PUBLIC        TL0
  D:008BH         PUBLIC        TL1
  B:0088H.4       PUBLIC        TR0
  B:0088H.6       PUBLIC        TR1
  C:0C39H         PUBLIC        DataAction
  D:006FH         PUBLIC        timeNum
  -------         PROC          INITEX0
  C:0BA7H         LINE#         13
  C:0BA7H         LINE#         14
  C:0BA7H         LINE#         15
  C:0BAAH         LINE#         16
  C:0BADH         LINE#         17
  C:0BB0H         LINE#         18
  C:0BB3H         LINE#         19
  C:0BB6H         LINE#         20
  C:0BB8H         LINE#         21
  C:0BBAH         LINE#         22
  C:0BBCH         LINE#         23
  -------         ENDPROC       INITEX0
  -------         PROC          DATAACTION
  C:0C39H         LINE#         25
  C:0C39H         LINE#         27
  C:0C3CH         LINE#         28
  C:0C3EH         LINE#         29
  -------         ENDPROC       DATAACTION
  -------         PROC          TIMERINIT
  C:0BF6H         LINE#         31
  C:0BF6H         LINE#         32
  C:0BF6H         LINE#         33
  C:0BF9H         LINE#         34
  C:0BFCH         LINE#         35
  C:0BFEH         LINE#         36
  C:0C00H         LINE#         37
  C:0C02H         LINE#         38
  C:0C05H         LINE#         39
  C:0C08H         LINE#         40
  -------         ENDPROC       TIMERINIT
  -------         PROC          TIMERACTION
  C:0A3CH         LINE#         42
  C:0A40H         LINE#         44
BL51 BANKED LINKER/LOCATER V6.22                                                      09/19/2025  10:25:27  PAGE 21


  C:0A43H         LINE#         45
  C:0A46H         LINE#         46
  C:0A48H         LINE#         47
  C:0A4DH         LINE#         48
  C:0A4DH         LINE#         49
  C:0A50H         LINE#         50
  C:0A52H         LINE#         51
  C:0A54H         LINE#         52
  C:0A59H         LINE#         53
  C:0A59H         LINE#         54
  C:0A5CH         LINE#         55
  C:0A5EH         LINE#         56
  C:0A60H         LINE#         57
  C:0A60H         LINE#         58
  C:0A60H         LINE#         59
  -------         ENDPROC       TIMERACTION
  -------         PROC          IRED_INIT
  C:0C30H         LINE#         61
  C:0C30H         LINE#         62
  C:0C30H         LINE#         63
  C:0C32H         LINE#         64
  C:0C34H         LINE#         65
  C:0C36H         LINE#         66
  C:0C38H         LINE#         67
  -------         ENDPROC       IRED_INIT
  -------         PROC          IRED
  -------         DO            
  D:0058H         SYMBOL        ired_high_time
  D:0059H         SYMBOL        time_cnt
  D:005BH         SYMBOL        i
  D:005CH         SYMBOL        j
  -------         ENDDO         
  C:0026H         LINE#         69
  C:0043H         LINE#         71
  C:0046H         LINE#         72
  C:004CH         LINE#         73
  C:0052H         LINE#         74
  C:0055H         LINE#         76
  C:005BH         LINE#         77
  C:005BH         LINE#         78
  C:0061H         LINE#         79
  C:006AH         LINE#         80
  C:006AH         LINE#         81
  C:0071H         LINE#         82
  C:0079H         LINE#         83
  C:0082H         LINE#         85
  C:0088H         LINE#         86
  C:0088H         LINE#         87
  C:008EH         LINE#         88
  C:0097H         LINE#         89
  C:0097H         LINE#         90
  C:009EH         LINE#         91
  C:00A6H         LINE#         92
  C:00AFH         LINE#         94
  C:00B2H         LINE#         95
  C:00B2H         LINE#         96
  C:00B5H         LINE#         97
BL51 BANKED LINKER/LOCATER V6.22                                                      09/19/2025  10:25:27  PAGE 22


  C:00B5H         LINE#         98
  C:00BBH         LINE#         99
  C:00C4H         LINE#         100
  C:00C4H         LINE#         101
  C:00CBH         LINE#         102
  C:00D3H         LINE#         103
  C:00DBH         LINE#         105
  C:00E1H         LINE#         106
  C:00E4H         LINE#         107
  C:00E4H         LINE#         108
  C:00EBH         LINE#         109
  C:00EDH         LINE#         110
  C:00F6H         LINE#         112
  C:0103H         LINE#         113
  C:010AH         LINE#         114
  C:0113H         LINE#         115
  C:0116H         LINE#         116
  C:011FH         LINE#         117
  C:0128H         LINE#         118
  C:0128H         LINE#         119
  C:012FH         LINE#         120
  C:012FH         LINE#         121
  C:0132H         LINE#         122
  C:0140H         LINE#         124
  C:0140H         LINE#         125
  C:0140H         LINE#         126
  -------         ENDPROC       IRED
  -------         ENDMOD        INTERRUPT

  -------         MODULE        BEEP
  C:0000H         SYMBOL        _ICE_DUMMY_
  D:00A0H         PUBLIC        P2
  B:00A0H.5       PUBLIC        BEEP
  C:0974H         PUBLIC        _Beep
  -------         PROC          _BEEP
  D:005EH         SYMBOL        hz
  D:0060H         SYMBOL        fre
  -------         DO            
  D:0062H         SYMBOL        t
  D:0063H         SYMBOL        time
  -------         ENDDO         
  C:0974H         LINE#         3
  C:097CH         LINE#         4
  C:097CH         LINE#         5
  C:097FH         LINE#         7
  C:0981H         LINE#         8
  C:0981H         LINE#         9
  C:0987H         LINE#         10
  C:0994H         LINE#         11
  C:0994H         LINE#         12
  C:0996H         LINE#         13
  C:099DH         LINE#         14
  C:099FH         LINE#         15
  C:09A6H         LINE#         16
  C:09AFH         LINE#         17
  -------         ENDPROC       _BEEP
  -------         ENDMOD        BEEP
BL51 BANKED LINKER/LOCATER V6.22                                                      09/19/2025  10:25:27  PAGE 23



  -------         MODULE        EEPROM
  C:0000H         SYMBOL        _ICE_DUMMY_
  C:09B0H         PUBLIC        PARead
  C:0B0CH         PUBLIC        PAWrite
  C:0B5EH         PUBLIC        ADPAWrite
  -------         PROC          PAREAD
  -------         DO            
  D:005DH         SYMBOL        i
  -------         ENDDO         
  C:09B0H         LINE#         5
  C:09B0H         LINE#         6
  C:09B0H         LINE#         7
  C:09B3H         LINE#         8
  C:09B5H         LINE#         9
  C:09B5H         LINE#         10
  C:09C1H         LINE#         11
  C:09CAH         LINE#         12
  C:09CDH         LINE#         13
  C:09CDH         LINE#         14
  C:09D9H         LINE#         15
  C:09E2H         LINE#         16
  -------         ENDPROC       PAREAD
  -------         PROC          PAWRITE
  -------         DO            
  D:005EH         SYMBOL        i
  -------         ENDDO         
  C:0B0CH         LINE#         18
  C:0B0CH         LINE#         19
  C:0B0CH         LINE#         20
  C:0B0FH         LINE#         21
  C:0B12H         LINE#         22
  C:0B12H         LINE#         23
  C:0B1EH         LINE#         24
  C:0B27H         LINE#         25
  -------         ENDPROC       PAWRITE
  -------         PROC          ADPAWRITE
  -------         DO            
  D:005EH         SYMBOL        i
  -------         ENDDO         
  C:0B5EH         LINE#         27
  C:0B5EH         LINE#         28
  C:0B5EH         LINE#         29
  C:0B61H         LINE#         30
  C:0B63H         LINE#         31
  C:0B63H         LINE#         32
  C:0B6FH         LINE#         33
  C:0B78H         LINE#         34
  -------         ENDPROC       ADPAWRITE
  -------         ENDMOD        EEPROM

  -------         MODULE        PUBLIC
  C:0000H         SYMBOL        _ICE_DUMMY_
  C:0C25H         PUBLIC        _delay_10us
  C:0AEEH         PUBLIC        _delay_ms
  D:0074H         PUBLIC        SEC
  -------         PROC          _DELAY_10US
BL51 BANKED LINKER/LOCATER V6.22                                                      09/19/2025  10:25:27  PAGE 24


  D:0006H         SYMBOL        ten_us
  C:0C25H         LINE#         5
  C:0C25H         LINE#         6
  C:0C25H         LINE#         7
  C:0C2FH         LINE#         8
  -------         ENDPROC       _DELAY_10US
  -------         PROC          _DELAY_MS
  D:0006H         SYMBOL        ms
  -------         DO            
  D:0006H         SYMBOL        i
  D:0004H         SYMBOL        j
  -------         ENDDO         
  C:0AEEH         LINE#         10
  C:0AEEH         LINE#         11
  C:0AEEH         LINE#         13
  C:0AF7H         LINE#         14
  C:0B0BH         LINE#         15
  -------         ENDPROC       _DELAY_MS
  -------         ENDMOD        PUBLIC

  -------         MODULE        ?C?CLDOPTR
  C:08A2H         PUBLIC        ?C?CLDOPTR
  -------         ENDMOD        ?C?CLDOPTR

  -------         MODULE        ?C?CCASE
  C:08CFH         PUBLIC        ?C?CCASE
  -------         ENDMOD        ?C?CCASE

Program Size: data=118.0 xdata=0 code=3130
LINK/LOCATE RUN COMPLETE.  0 WARNING(S),  0 ERROR(S)
