C51 COMPILER V9.54   PUBLIC                                                                09/17/2025 21:08:02 PAGE 1   


C51 COMPILER V9.54, COMPILATION OF MODULE PUBLIC
OBJECT MODULE PLACED IN .\Objects\public.obj
COMPILER INVOKED BY: D:\App\KeilC51\C51\BIN\C51.EXE Public\public.c OPTIMIZE(8,SPEED) BROWSE INCDIR(.\App\AT24C02;.\App\
                    -I2C;.\Public;.\App\smg;.\App\stepmotor;.\App\beep;.\App\eeprom;.\App\interrupt;.\App\mainline;.\App\pamanage;.\App\scank
                    -ey) DEBUG OBJECTEXTEND PRINT(.\Listings\public.lst) TABS(2) OBJECT(.\Objects\public.obj)

line level    source

   1          #include "public.h"
   2          
   3          u8 SEC = 60;
   4          
   5          void delay_10us(u16 ten_us)
   6          {
   7   1        while(ten_us--);  
   8   1      }
   9          
  10          void delay_ms(u16 ms)
  11          {
  12   1        u16 i,j;
  13   1        for(i=ms;i>0;i--)
  14   1          for(j=110;j>0;j--);
  15   1      }


MODULE INFORMATION:   STATIC OVERLAYABLE
   CODE SIZE        =     41    ----
   CONSTANT SIZE    =   ----    ----
   XDATA SIZE       =   ----    ----
   PDATA SIZE       =   ----    ----
   DATA SIZE        =      1    ----
   IDATA SIZE       =   ----    ----
   BIT SIZE         =   ----    ----
END OF MODULE INFORMATION.


C51 COMPILATION COMPLETE.  0 WARNING(S),  0 ERROR(S)
